200
Content-Length: 2
Content-type: text/plain; charset=UTF-8

OK