200
Content-Length: 1538
Content-type: text/html; charset= UTF-8

<!DOCTYPE html>

<html>
  <head>
    <meta http-equiv="Content-Type" content="text/html; charset=utf-8" />
    <title>Upload a photo to 2022</title>
    <meta name="viewport" content="width=device-width, initial-scale=1">
    <link rel="stylesheet" href="/static/css/w3.2022-03-18.css">
  </head>
<body>
<div class="w3-container">
<p>
小川 治兵衛 (<a href="/members/logout">log out</a>)
 <br /><a href="/members/123">dashboard</a>
 <br /><a href="/">home</a>
</p>

<h1>Upload a photo to 2022</h1>



<form action="/photo-diary/123/add-image" enctype="multipart/form-data" method="post">

<p>
<label for="picker">Preview image:</label>
<input type="file" name="picker" id="picker" accept="image/*" required autofocus/>
<label for="imageDatePicker" style="display:none;" id="imageDatePickerLabel">Date photo taken:</label>
<input type="date" name="imageDatePicker" id="imageDatePicker" style="display:none;" /><br>
<input type="hidden" name="diaryID" value="123">
<input type="hidden" id="imageOrientation" name="imageOrientation" value=""><br>
<input type="hidden" id="entryDate" name="entryDate" value=""><br>

<p><input type="submit" name="submit" value="Upload image to your 2022 diary" />

<p><img id="preview" src="#" width="350px" alt="Image Preview"  style="display:none;" />

</form>

<script src="/static/js/exif-reader.2022-03-19.js"></script>
<script src="/static/js/upload.js"></script>


</div>
<script data-goatcounter='https://mysite.goatcounter.com/count' async src='//example.com/count.js'></script>
</body>
</html>

