201
Content-Length: 3
Content-type: text/plain; charset=UTF-8

123