200
Content-Length: 467
Content-type: text/html; charset= UTF-8

<!DOCTYPE html>

<html>
  <head>
    <title>2022</title>
  </head>
  <body>
    <p>
小川 治兵衛     (<a href="/members/logout">log out</a>)
     <br /><a href="/">home</a>
     <br /><a href="http://example.com/suggestions">suggestions</a>
    </p>

    <h1>2022</h1>



<h2>A Test Section Title</h2>
    <p><img url="http://example.com/img1.png">
    <p><a href="/photo-diary/123/2022/add-image"><button type="button">Add Image</button></a>

  </body>
</html>

