302
Content-Length: 0
Location: /photo-diary/123

