200
Content-Length: 834
Content-type: text/html; charset= UTF-8

<!DOCTYPE html>

<html>
  <head>
    <meta http-equiv="Content-Type" content="text/html; charset=utf-8" />
    <title>Create a new photo diary</title>
    <meta name="viewport" content="width=device-width, initial-scale=1">
  </head>
  <body>
    <p>
小川 治兵衛     (<a href="/members/logout">log out</a>)
     <br /><a href="/">home</a>
    </p>

    <h1>Create a new photo diary</h1>



<form action="/photo-diary/create" method="post">

<p>
<label for="year">Year to create diary for:</label><br>
<input id="year" type="text" name="year" required autofocus/>

<p>
<label for="name">Name of diary (optional):</label><br>
<input id="name" type="text" name="name" /><br>

<p>
<input type="submit" value="Create new photo diary" />

<input type="hidden" name="command" value="create_photo_diary" />

</form>


  </body>
</html>

