200
Content-Length: 394
Content-type: text/html; charset= UTF-8

<!DOCTYPE html>

<html>
  <head>
    <title>Member Dashboard</title>
  </head>
  <body>
    <p>
     小川 治兵衛     (<a href="/members/logout">log out</a>)
     <br /><a href="/">home</a>
     <br /><a href="http://example.com/suggestions">suggestions</a>
    </p>

    <h1>Member Dashboard</h1>


    <p>小川 治兵衛 has been a member since January 15, 2022.</p>

  </body>
</html>

