302
Content-Length: 0
Set-cookie: session_id=aSessionIDForMember1; max-age=31536000; SameSite=Strict; Path=/; HttpOnly
Location: /members/1

