200
Content-Length: 1412
Content-type: text/html; charset= UTF-8

<!DOCTYPE html>

<html>
  <head>
    <title>Create Membership</title>
  </head>
  <body>
    <p><a href="/">home</a></p>

    <h1>Create Membership</h1>

    <form action="/members/create" method="post">
      <table>
        <tr>
          <th><label for="email">Email:</label></th>
          <td>
            <input type="email" name="email"
            required autofocus />
          </td>
        </tr>
        <tr>
          <th><label for="firstName">First name:</label></th>
          <td>
            <input type="firstName" name="firstName" required />
          </td>
        </tr>
        <tr>
          <th><label for="lastName">Last name:</label></th>
          <td>
            <input type="lastName" name="lastName" required />
          </td>
        </tr>
        <tr>
          <th><label for="zip">Zip code:</label></th>
          <td>
            <input type="text" name="zip" required />
          </td>
        </tr>
        <tr>
          <th><label for="pwd1">Password:</label></th>
          <td><input type="password" name="pwd1" required /></td>
        </tr>
        <tr>
          <th><label for="pwd2">Password:</label></th>
          <td><input type="password" name="pwd2" required /></td>
        </tr>
      </table>
      <input type="hidden" name="command" value="create_member" />
      <input type="submit" value="Submit membership request" />
    </form>
  </body>
</html>
