200
Content-Length: 208
Content-type: text/html; charset= UTF-8

<!DOCTYPE html>

<html>
  <head>
    <title>Garden Journal</title>
  </head>
  <body>
    <p>小川 治兵衛</p>
    <h1>Garden Journal</h1>
    <p><a href="/members/123">Dashboard</a></p>
  </body>
</html>
