200
Content-Length: 378
Content-type: text/html; charset= UTF-8

<!DOCTYPE html>

<html>
  <head>
    <title>My New Website</title>
  </head>
  <body>
    <p>
     <a href="/members/login">log in</a>
     <br /><a href="/">home</a>
     <br /><a href="http://example.com/suggestions">suggestions</a>
    </p>

    <h1>My New Website</h1>


<p><a href="/members/create">Become a member</a></p>

<p>An on-line community.</p>

  </body>
</html>

